{
    "Should generate fastq files from gzipped input files": {
        "content": [
            {
                "0": [
                    [
                        "phix-m",
                        "phix-m_uniq_R1.fastq:md5,7d9905e045f407dabc8bbd4d5381bec0",
                        "phix-m_uniq_R2.fastq:md5,42428d34a8a970ae76de468de8dd737b"
                    ]
                ]
            }
        ],
        "meta": {
            "nf-test": "0.9.2",
            "nextflow": "25.04.2"
        },
        "timestamp": "2025-06-02T23:17:22.573193219"
    }
}