{
    "Should map reads to reference genome": {
        "content": [
            {
                "0": [
                    [
                        "phix-m",
                        "phix-m.bam:md5,fb3200bdde0c67e36ba4dba690e0641e"
                    ]
                ]
            }
        ],
        "meta": {
            "nf-test": "0.9.2",
            "nextflow": "25.04.2"
        },
        "timestamp": "2025-06-03T11:21:45.619801092"
    }
}