{
    "Should assign clade": {
        "content": [
            {
                "0": [
                    "phix-m_cladematch.csv:md5,7dd2f5708232977848a53d355a481203"
                ]
            }
        ],
        "meta": {
            "nf-test": "0.9.2",
            "nextflow": "25.04.6"
        },
        "timestamp": "2025-08-14T13:05:04.136809215"
    }
}