{
    "Should generate stats on data processing": {
        "content": [
            {
                "0": [
                    [
                        "phix-m",
                        "phix-m_stats.csv:md5,d6cd5066345828d9dd1ecf1afc498ba1"
                    ]
                ],
                "1": [
                    [
                        "phix-m",
                        "phix-m_outcome.txt:md5,fbb6e44cb0ecb2c8284885dae762318d"
                    ]
                ],
                "outcome": [
                    [
                        "phix-m",
                        "phix-m_outcome.txt:md5,fbb6e44cb0ecb2c8284885dae762318d"
                    ]
                ],
                "stats": [
                    [
                        "phix-m",
                        "phix-m_stats.csv:md5,d6cd5066345828d9dd1ecf1afc498ba1"
                    ]
                ]
            }
        ],
        "meta": {
            "nf-test": "0.9.2",
            "nextflow": "25.04.2"
        },
        "timestamp": "2025-06-03T16:21:56.621229756"
    }
}